Archive member included to satisfy reference by file (symbol)

C:/NXP/S32DS_ARM_v2018.R1/S32DS/arm32_ewl2/lib/thumb/v7e-m\libc99.a(exit.o)
                              C:/NXP/S32DS_ARM_v2018.R1/S32DS/arm32_ewl2/lib/thumb/v7e-m/__arm_start.o (exit)
C:/NXP/S32DS_ARM_v2018.R1/S32DS/arm32_ewl2/lib/thumb/v7e-m\libc99.a(memcpy.o)
                              ./Project_Settings/Startup_Code/startup.o (memcpy)
C:/NXP/S32DS_ARM_v2018.R1/S32DS/arm32_ewl2/lib/thumb/v7e-m\libc99.a(memset.o)
                              C:/NXP/S32DS_ARM_v2018.R1/S32DS/arm32_ewl2/lib/thumb/v7e-m/__arm_start.o (memset)
C:/NXP/S32DS_ARM_v2018.R1/S32DS/arm32_ewl2/lib/thumb/v7e-m\libc99.a(__filll_mem.o)
                              C:/NXP/S32DS_ARM_v2018.R1/S32DS/arm32_ewl2/lib/thumb/v7e-m\libc99.a(memset.o) (__fill_mem)
C:/NXP/S32DS_ARM_v2018.R1/S32DS/arm32_ewl2/lib/thumb/v7e-m\librt.a(gcc_ctor_dtor.o)
                              C:/NXP/S32DS_ARM_v2018.R1/S32DS/arm32_ewl2/lib/thumb/v7e-m/__arm_start.o (__init_cpp)
C:/NXP/S32DS_ARM_v2018.R1/S32DS/arm32_ewl2/lib/thumb/v7e-m\librt.a(__arm_eabi_init.o)
                              C:/NXP/S32DS_ARM_v2018.R1/S32DS/arm32_ewl2/lib/thumb/v7e-m\libc99.a(exit.o) (__destroy_global_chain)
C:/NXP/S32DS_ARM_v2018.R1/S32DS/arm32_ewl2/lib/thumb/v7e-m\librt.a(ROMCopy.o)
                              C:/NXP/S32DS_ARM_v2018.R1/S32DS/arm32_ewl2/lib/thumb/v7e-m/__arm_start.o (__copy_rom_sections_to_ram)

Allocating common symbols
Common symbol       size              file

sliderAdcDataElectrodeDischargeBufferCounter
                    0x4               ./TS Project/slider.o
lowPowerModeCtrl    0x1               ./TS Project/power_mode.o
lowPowerModeEnable  0x1               ./TS Project/power_mode.o
electrodesOversamplingActivationReport
                    0x1               ./TS Project/ets.o
sliderDetectorThresholdTouch
                    0x8               ./TS Project/slider.o
numberOfElectrodeSensingCyclesPerSample
                    0x2               ./TS Project/ets.o
sampleNum           0x1               ./TS Project/ets.o
sliderLPFilterData  0x8               ./TS Project/slider.o
pcm_pRecVarAddr     0x20              ./TS Project/FreeMASTER/freemaster_rec.o
pcm_wRecBuffStartIx
                    0x2               ./TS Project/FreeMASTER/freemaster_rec.o
calibrationGainADC0
                    0x2               ./TS Project/main.o
electrodeTouchQualifiedReport
                    0x1               ./TS Project/ets.o
chargeDistributionPeriodTmp
                    0x2               ./TS Project/ets.o
numberOfHysteresisBlindPoints
                    0x1               ./TS Project/slider.o
electrodesVirtualEGSTouch
                    0x1               ./TS Project/ets.o
FilterIIR1CoeffB0   0xc               ./TS Project/filter.o
sliderOversamplingActivationReport
                    0x1               ./TS Project/slider.o
sliderDifferenceDataFiltered
                    0x2               ./TS Project/slider.o
sliderAbsoluteRawData
                    0x2               ./TS Project/slider.o
elecNumAct          0x1               ./TS Project/ets.o
sliderElectrodeTouchQualifiedDisplay
                    0x1               ./TS Project/main.o
adcDataElectrodeDischargeRawSample
                    0x22              ./TS Project/ets.o
sliderElecNumAct    0x1               ./TS Project/slider.o
FilterIIR1CoeffB1   0xc               ./TS Project/filter.o
pcm_dwRecEndBuffPtr
                    0x4               ./TS Project/FreeMASTER/freemaster_rec.o
detectorThresholdTouchDelta
                    0xe               ./TS Project/ets.o
pcm_pRecVarSize     0x8               ./TS Project/FreeMASTER/freemaster_rec.o
pcm_wRecTotalSmps   0x2               ./TS Project/FreeMASTER/freemaster_rec.o
sliderDetectorThresholdTouchDelta
                    0x4               ./TS Project/slider.o
sliderDifferenceData
                    0x2               ./TS Project/slider.o
adcDataElectrodeDischargeRawDF
                    0x1c              ./TS Project/ets.o
adcDataElectrodeDischargeRaw
                    0x1c              ./TS Project/ets.o
elecStruct          0xc4              ./TS Project/ets.o
sliderAdditionDataThreshold
                    0x2               ./TS Project/slider.o
thresholdNum        0x1               ./TS Project/slider.o
electrodeTouchQualified
                    0x7               ./TS Project/ets.o
electrodesVirtualEGSActivateCounter
                    0x2               ./TS Project/ets.o
sliderLastDiffThreshold
                    0x4               ./TS Project/slider.o
sliderDroppedSamples
                    0x2               ./TS Project/slider.o
sliderAdcDataElectrodeDischargeRawSampleElec0
                    0x42              ./TS Project/slider.o
positionDeciced     0x1               ./TS Project/slider.o
detectorThresholdTouch
                    0x1c              ./TS Project/ets.o
frequencyIDsave     0x1               ./TS Project/ets.o
[...]
Memory Configuration

Name             Origin             Length             Attributes
m_interrupts     0x00000000         0x00000400         xr
m_flash_config   0x00000400         0x00000010         xr
m_text           0x00000410         0x0007fbf0         xr
m_data           0x1fff8000         0x00008000         rw
m_data_2         0x20000000         0x00007000         rw
*default*        0x00000000         0xffffffff

Linker script and memory map

LOAD C:/NXP/S32DS_ARM_v2018.R1/S32DS/arm32_ewl2/lib/thumb/v7e-m/__arm_start.o
LOAD ./TS Project/slider.o
LOAD ./TS Project/power_mode.o
LOAD ./TS Project/main.o
LOAD ./TS Project/filter.o
LOAD ./TS Project/ets.o
LOAD ./TS Project/Peripherals/timer.o
LOAD ./TS Project/Peripherals/scg.o
LOAD ./TS Project/Peripherals/pcc.o
LOAD ./TS Project/Peripherals/lpuart.o
LOAD ./TS Project/Peripherals/gpio.o
LOAD ./TS Project/Peripherals/flextimer.o
LOAD ./TS Project/Peripherals/adc.o
LOAD ./TS Project/FreeMASTER/freemaster_tsa.o
LOAD ./TS Project/FreeMASTER/freemaster_sfio.o
LOAD ./TS Project/FreeMASTER/freemaster_serial.o
LOAD ./TS Project/FreeMASTER/freemaster_scope.o
LOAD ./TS Project/FreeMASTER/freemaster_rec.o
LOAD ./TS Project/FreeMASTER/freemaster_protocol.o
LOAD ./TS Project/FreeMASTER/freemaster_pipes.o
LOAD ./TS Project/FreeMASTER/freemaster_lin.o
LOAD ./TS Project/FreeMASTER/freemaster_can.o
LOAD ./TS Project/FreeMASTER/freemaster_bdm.o
LOAD ./TS Project/FreeMASTER/freemaster_appcmd.o
LOAD ./TS Project/FreeMASTER/S32xx/freemaster_S32xx.o
LOAD ./Project_Settings/Startup_Code/system_S32K144.o
LOAD ./Project_Settings/Startup_Code/startup_S32K144.o
LOAD ./Project_Settings/Startup_Code/startup.o
START GROUP
LOAD C:/NXP/S32DS_ARM_v2018.R1/S32DS/arm32_ewl2/lib/thumb/v7e-m\libc99.a
LOAD C:/NXP/S32DS_ARM_v2018.R1/S32DS/arm32_ewl2/lib/thumb/v7e-m\libm.a
LOAD c:/nxp/s32ds_arm_v2018.r1/cross_tools/gcc-6.3-arm32-eabi/bin/../lib/gcc/arm-none-eabi/6.3.1/thumb/v7e-m\libgcc.a
LOAD C:/NXP/S32DS_ARM_v2018.R1/S32DS/arm32_ewl2/lib/thumb/v7e-m\librt.a
LOAD C:/NXP/S32DS_ARM_v2018.R1/S32DS/arm32_ewl2/lib/thumb/v7e-m\libnoio.a
END GROUP
LOAD C:/NXP/S32DS_ARM_v2018.R1/S32DS/arm32_ewl2/lib/thumb/v7e-m/__arm_end.o
                0x00000400                HEAP_SIZE = DEFINED (__heap_size__)?__heap_size__:0x400
                0x00000400                STACK_SIZE = DEFINED (__stack_size__)?__stack_size__:0x400
                0x00000400                M_VECTOR_RAM_SIZE = DEFINED (__flash_vector_table__)?0x0:0x400

.interrupts     0x00000000      0x400
                0x00000000                __VECTOR_TABLE = .
                0x00000000                __interrupts_start__ = .
                0x00000000                . = ALIGN (0x4)
 *(.isr_vector)
 .isr_vector    0x00000000      0x400 ./Project_Settings/Startup_Code/startup_S32K144.o
                0x00000000                __isr_vector
                0x00000400                __interrupts_end__ = .
                0x00000400                . = ALIGN (0x4)

.flash_config   0x00000400       0x10
                0x00000400                . = ALIGN (0x4)
 *(.FlashConfig)
 .FlashConfig   0x00000400       0x10 ./Project_Settings/Startup_Code/startup_S32K144.o
                0x00000410                . = ALIGN (0x4)

.text           0x00000410     0x4360
                0x00000410                . = ALIGN (0x4)
 *(.text)
 .text          0x00000410       0x6c ./Project_Settings/Startup_Code/startup_S32K144.o
                0x00000410                Reset_Handler
                0x00000478                DebugMon_Handler
                0x00000478                Reserved88_IRQHandler
                0x00000478                CAN0_ORed_IRQHandler
                0x00000478                HardFault_Handler
                0x00000478                Reserved86_IRQHandler
                0x00000478                Reserved103_IRQHandler
                0x00000478                SysTick_Handler
                0x00000478                FTM2_Ovf_Reload_IRQHandler
                0x00000478                Reserved50_IRQHandler
                0x00000478                FTFC_Fault_IRQHandler
                0x00000478                FTM0_Ch6_Ch7_IRQHandler
                0x00000478                Reserved114_IRQHandler
                0x00000478                PendSV_Handler
                0x00000478                NMI_Handler
                0x00000478                Reserved89_IRQHandler
                0x00000478                ERM_double_fault_IRQHandler
                0x00000478                DMA2_IRQHandler
                0x00000478                Reserved59_IRQHandler
                0x00000478                LPIT0_Ch0_IRQHandler
                0x00000478                Reserved99_IRQHandler
                0x00000478                FTM3_Ch6_Ch7_IRQHandler
                0x00000478                CAN2_ORed_0_15_MB_IRQHandler
                0x00000478                LPIT0_Ch3_IRQHandler
                0x00000478                Reserved92_IRQHandler
                0x00000478                FTM0_Ch4_Ch5_IRQHandler
                0x00000478                CAN1_Error_IRQHandler
                0x00000478                FTM3_Ch0_Ch1_IRQHandler
                0x00000478                SWI_IRQHandler
                0x00000478                ADC0_IRQHandler
                0x00000478                FTM2_Ch4_Ch5_IRQHandler
                0x00000478                UsageFault_Handler
                0x00000478                FTM0_Ovf_Reload_IRQHandler
                0x00000478                DefaultISR
                0x00000478                DMA9_IRQHandler
                0x00000478                Reserved58_IRQHandler
                0x00000478                CAN1_ORed_0_15_MB_IRQHandler
                0x00000478                FTM1_Ch2_Ch3_IRQHandler
                0x00000478                DMA14_IRQHandler
                0x00000478                Reserved82_IRQHandler
                0x00000478                CAN0_ORed_16_31_MB_IRQHandler
                0x00000478                LPI2C0_Slave_IRQHandler
                0x00000478                Reserved71_IRQHandler
                0x00000478                PORTD_IRQHandler
                0x00000478                Reserved69_IRQHandler
                0x00000478                PORTB_IRQHandler
                0x00000478                Reserved70_IRQHandler
                0x00000478                ADC1_IRQHandler
                0x00000478                FTM2_Ch2_Ch3_IRQHandler
                0x00000478                Reserved53_IRQHandler
                0x00000478                DMA5_IRQHandler
                0x00000478                RTC_IRQHandler
                0x00000478                PDB0_IRQHandler
                0x00000478                Reserved54_IRQHandler
                0x00000478                FTM2_Ch6_Ch7_IRQHandler
                0x00000478                FTM3_Ch2_Ch3_IRQHandler
                0x00000478                FTM2_Ch0_Ch1_IRQHandler
                0x00000478                LPSPI1_IRQHandler
                0x00000478                LPUART1_RxTx_IRQHandler
                0x00000478                RTC_Seconds_IRQHandler
                0x00000478                CAN2_ORed_IRQHandler
                0x00000478                Reserved72_IRQHandler
                0x00000478                Reserved110_IRQHandler
                0x00000478                DMA11_IRQHandler
                0x00000478                Reserved107_IRQHandler
                0x00000478                Read_Collision_IRQHandler
                0x00000478                CAN2_Error_IRQHandler
                0x00000478                FTFC_IRQHandler
                0x00000478                DMA7_IRQHandler
                0x00000478                FTM1_Ch6_Ch7_IRQHandler
                0x00000478                Reserved105_IRQHandler
                0x00000478                LPIT0_Ch1_IRQHandler
                0x00000478                FTM1_Ch4_Ch5_IRQHandler
                0x00000478                FTM3_Ovf_Reload_IRQHandler
                0x00000478                LPUART2_RxTx_IRQHandler
                0x00000478                LPSPI0_IRQHandler
                0x00000478                WDOG_EWM_IRQHandler
                0x00000478                MemManage_Handler
                0x00000478                Reserved90_IRQHandler
                0x00000478                Reserved83_IRQHandler
                0x00000478                FTM0_Fault_IRQHandler
                0x00000478                Reserved48_IRQHandler
                0x00000478                SVC_Handler
                0x00000478                ERM_single_fault_IRQHandler
                0x00000478                FTM2_Fault_IRQHandler
                0x00000478                FTM0_Ch2_Ch3_IRQHandler
                0x00000478                DMA13_IRQHandler
                0x00000478                FTM0_Ch0_Ch1_IRQHandler
                0x00000478                FTM3_Fault_IRQHandler
                0x00000478                RCM_IRQHandler
                0x00000478                DMA3_IRQHandler
                0x00000478                Reserved100_IRQHandler
                0x00000478                DMA0_IRQHandler
                0x00000478                Reserved91_IRQHandler
                0x00000478                CAN1_ORed_IRQHandler
                0x00000478                DMA15_IRQHandler
                0x00000478                SCG_IRQHandler
                0x00000478                PDB1_IRQHandler
                0x00000478                Reserved81_IRQHandler
                0x00000478                Reserved46_IRQHandler
                0x00000478                Reserved45_IRQHandler
                0x00000478                CAN0_Error_IRQHandler
                0x00000478                Reserved112_IRQHandler
                0x00000478                LPI2C0_Master_IRQHandler
                0x00000478                DMA4_IRQHandler
                0x00000478                FTM1_Fault_IRQHandler
                0x00000478                Reserved106_IRQHandler
                0x00000478                DMA_Error_IRQHandler
                0x00000478                LVD_LVW_IRQHandler
                0x00000478                LPIT0_Ch2_IRQHandler
                0x00000478                PORTA_IRQHandler
                0x00000478                MCM_IRQHandler
                0x00000478                LPSPI2_IRQHandler
                0x00000478                DMA12_IRQHandler
                0x00000478                FTM3_Ch4_Ch5_IRQHandler
                0x00000478                CAN0_ORed_0_15_MB_IRQHandler
                0x00000478                PORTE_IRQHandler
                0x00000478                LPUART0_RxTx_IRQHandler
                0x00000478                BusFault_Handler
                0x00000478                Reserved87_IRQHandler
                0x00000478                FTM1_Ovf_Reload_IRQHandler
                0x00000478                DMA8_IRQHandler
                0x00000478                Reserved93_IRQHandler
                0x00000478                DMA10_IRQHandler
                0x00000478                CAN0_Wake_Up_IRQHandler
                0x00000478                CMP0_IRQHandler
                0x00000478                Reserved52_IRQHandler
                0x00000478                PORTC_IRQHandler
                0x00000478                DMA6_IRQHandler
                0x00000478                FTM1_Ch0_Ch1_IRQHandler
                0x00000478                FLEXIO_IRQHandler
                0x00000478                DMA1_IRQHandler
                0x00000478                Reserved113_IRQHandler
 *(.text*)
 .text.__thumb_startup
                0x0000047c       0x3c C:/NXP/S32DS_ARM_v2018.R1/S32DS/arm32_ewl2/lib/thumb/v7e-m/__arm_start.o
                0x0000047c                __thumb_startup
 .text.SliderElectrodeTouchSenseInit
                0x000004b8       0xfc ./TS Project/slider.o
                0x000004b8                SliderElectrodeTouchSenseInit
 .text.SliderElectrodeCapToVoltConvELCHGuard
                0x000005b4      0x228 ./TS Project/slider.o
                0x000005b4                SliderElectrodeCapToVoltConvELCHGuard
 .text.SliderElectrodeSelfTrimSense
                0x000007dc      0x424 ./TS Project/slider.o
                0x000007dc                SliderElectrodeSelfTrimSense
 .text.SliderDifferenceDataElectrodeTouchQualify
                0x00000c00      0x1a4 ./TS Project/slider.o
                0x00000c00                SliderDifferenceDataElectrodeTouchQualify
 .text.SliderElectrodesTouchElecSense
                0x00000da4      0x4d0 ./TS Project/slider.o
                0x00000da4                SliderElectrodesTouchElecSense
 .text.SliderelectrodeWakeElecSense
                0x00001274       0x68 ./TS Project/slider.o
                0x00001274                SliderelectrodeWakeElecSense
 .text.SliderElectrodeWakeElecFilterLoad
                0x000012dc       0x6c ./TS Project/slider.o
                0x000012dc                SliderElectrodeWakeElecFilterLoad
 .text.SliderSensingCyclesChangeEGS
                0x00001348       0x1c ./TS Project/slider.o
                0x00001348                SliderSensingCyclesChangeEGS
 .text.Run_to_VLPS
                0x00001364       0x60 ./TS Project/power_mode.o
                0x00001364                Run_to_VLPS
 .text.Slider_RGBLED_Ctrl
                0x000013c4       0xcc ./TS Project/main.o
                0x000013c4                Slider_RGBLED_Ctrl
 .text.RGBLED_Ctrl
                0x00001490      0x134 ./TS Project/main.o
                0x00001490                RGBLED_Ctrl
 .text.startup.main
                0x000015c4       0xd8 ./TS Project/main.o
                0x000015c4                main
 .text.FilterIIR1Init
                0x0000169c       0x38 ./TS Project/filter.o
                0x0000169c                FilterIIR1Init
 .text.FilterIIR1BufferInit
                0x000016d4       0x30 ./TS Project/filter.o
                0x000016d4                FilterIIR1BufferInit
 .text.FilterIIR1
                0x00001704       0xfc ./TS Project/filter.o
                0x00001704                FilterIIR1
 .text.ElectrodeStructureInit
                0x00001800      0x1ac ./TS Project/ets.o
                0x00001800                ElectrodeStructureInit
 .text.ElectrodeTouchSenseInit
                0x000019ac       0xa0 ./TS Project/ets.o
                0x000019ac                ElectrodeTouchSenseInit
 .text.ElectrodeCapToVoltConvELCH
                0x00001a4c      0x10c ./TS Project/ets.o
                0x00001a4c                ElectrodeCapToVoltConvELCH
 .text.ElectodeBufferInitVal
                0x00001b58       0x14 ./TS Project/ets.o
                0x00001b58                ElectodeBufferInitVal
 .text.ElectodeCalInitVal
                0x00001b6c       0x18 ./TS Project/ets.o
                0x00001b6c                ElectodeCalInitVal
 .text.DCTracker
                0x00001b84       0x2c ./TS Project/ets.o
                0x00001b84                DCTracker
 .text.ElectrodeSelfTrimSense
                0x00001bb0      0x5f4 ./TS Project/ets.o
                0x00001bb0                ElectrodeSelfTrimSense
 .text.ElectrodeWakeAndTouchElecSense
                0x000021a4      0x6a8 ./TS Project/ets.o
                0x000021a4                ElectrodeWakeAndTouchElecSense
 .text.ElectrodeWakeElecSense
                0x0000284c      0x4dc ./TS Project/ets.o
                0x0000284c                ElectrodeWakeElecSense
 .text.LPTMR0_Init
                0x00002d28       0x1c ./TS Project/Peripherals/timer.o
                0x00002d28                LPTMR0_Init
 .text.LPTMR0_IRQHandler
                0x00002d44       0xf0 ./TS Project/Peripherals/timer.o
                0x00002d44                LPTMR0_IRQHandler
 .text.SCG_Init
                0x00002e34       0x48 ./TS Project/Peripherals/scg.o
                0x00002e34                SCG_Init
 .text.PCC_Init
                0x00002e7c       0x9c ./TS Project/Peripherals/pcc.o
                0x00002e7c                PCC_Init
 .text.LPUART1_Init
                0x00002f18       0x1c ./TS Project/Peripherals/lpuart.o
                0x00002f18                LPUART1_Init
 .text.RGB_LED_Init
                0x00002f34       0x44 ./TS Project/Peripherals/gpio.o
                0x00002f34                RGB_LED_Init
 .text.Backlight_LED_Init
                0x00002f78       0x24 ./TS Project/Peripherals/gpio.o
                0x00002f78                Backlight_LED_Init
 .text.FTM2_Init
                0x00002f9c       0x44 ./TS Project/Peripherals/flextimer.o
                0x00002f9c                FTM2_Init
 .text.LoadBacklightPWMDutyCycle
                0x00002fe0       0x2c ./TS Project/Peripherals/flextimer.o
                0x00002fe0                LoadBacklightPWMDutyCycle
 .text.ADC0_Init
                0x0000300c       0x18 ./TS Project/Peripherals/adc.o
                0x0000300c                ADC0_Init
 .text.ADC1_Init
                0x00003024       0x18 ./TS Project/Peripherals/adc.o
                0x00003024                ADC1_Init
 .text.ADC0_Calibration
                0x0000303c       0x44 ./TS Project/Peripherals/adc.o
                0x0000303c                ADC0_Calibration
 .text.ADC1_Calibration
                0x00003080       0x44 ./TS Project/Peripherals/adc.o
                0x00003080                ADC1_Calibration
 .text.ClearADCsGain
                0x000030c4       0x18 ./TS Project/Peripherals/adc.o
                0x000030c4                ClearADCsGain
 .text.SetADCsGain
                0x000030dc       0x28 ./TS Project/Peripherals/adc.o
                0x000030dc                SetADCsGain
 .text.FMSTR_SendResponse
                0x00003104       0x90 ./TS Project/FreeMASTER/freemaster_serial.o
                0x00003104                FMSTR_SendResponse
 .text.FMSTR_InitSerial
                0x00003194       0x48 ./TS Project/FreeMASTER/freemaster_serial.o
                0x00003194                FMSTR_InitSerial
 .text.FMSTR_Poll
                0x000031dc      0x234 ./TS Project/FreeMASTER/freemaster_serial.o
                0x000031dc                FMSTR_Poll
 .text.FMSTR_InitScope
                0x00003410        0x4 ./TS Project/FreeMASTER/freemaster_scope.o
                0x00003410                FMSTR_InitScope
 .text.FMSTR_SetUpScope
                0x00003414       0x78 ./TS Project/FreeMASTER/freemaster_scope.o
                0x00003414                FMSTR_SetUpScope
 .text.FMSTR_ReadScope
                0x0000348c       0x3c ./TS Project/FreeMASTER/freemaster_scope.o
                0x0000348c                FMSTR_ReadScope
 .text.FMSTR_Compare8S
                0x000034c8       0x20 ./TS Project/FreeMASTER/freemaster_rec.o
 .text.FMSTR_Compare8U
                0x000034e8       0x1c ./TS Project/FreeMASTER/freemaster_rec.o
 .text.FMSTR_Compare16S
                0x00003504       0x20 ./TS Project/FreeMASTER/freemaster_rec.o
 .text.FMSTR_Compare16U
                0x00003524       0x1c ./TS Project/FreeMASTER/freemaster_rec.o
 .text.FMSTR_Compare32S
                0x00003540       0x1c ./TS Project/FreeMASTER/freemaster_rec.o
 .text.FMSTR_Compare32U
                0x0000355c       0x1c ./TS Project/FreeMASTER/freemaster_rec.o
 .text.FMSTR_InitRec
                0x00003578       0x1c ./TS Project/FreeMASTER/freemaster_rec.o
                0x00003578                FMSTR_InitRec
 .text.FMSTR_SetUpRec
                0x00003594      0x18c ./TS Project/FreeMASTER/freemaster_rec.o
                0x00003594                FMSTR_SetUpRec
 .text.FMSTR_StartRec
                0x00003720       0x70 ./TS Project/FreeMASTER/freemaster_rec.o
                0x00003720                FMSTR_StartRec
 .text.FMSTR_StopRec
                0x00003790       0x54 ./TS Project/FreeMASTER/freemaster_rec.o
                0x00003790                FMSTR_StopRec
 .text.FMSTR_GetRecStatus
                0x000037e4       0x24 ./TS Project/FreeMASTER/freemaster_rec.o
                0x000037e4                FMSTR_GetRecStatus
 .text.FMSTR_GetRecBuffSize
                0x00003808        0x8 ./TS Project/FreeMASTER/freemaster_rec.o
                0x00003808                FMSTR_GetRecBuffSize
 .text.FMSTR_GetRecBuff
                0x00003810       0x58 ./TS Project/FreeMASTER/freemaster_rec.o
                0x00003810                FMSTR_GetRecBuff
 .text.FMSTR_Recorder
                0x00003868      0x124 ./TS Project/FreeMASTER/freemaster_rec.o
                0x00003868                FMSTR_Recorder
 .text.FMSTR_Init
                0x0000398c       0x20 ./TS Project/FreeMASTER/freemaster_protocol.o
                0x0000398c                FMSTR_Init
 .text.FMSTR_ProtocolDecoder
                0x000039ac      0x218 ./TS Project/FreeMASTER/freemaster_protocol.o
                0x000039ac                FMSTR_ProtocolDecoder
 .text.FMSTR_InitPipes
                0x00003bc4       0x14 ./TS Project/FreeMASTER/freemaster_pipes.o
                0x00003bc4                FMSTR_InitPipes
 .text.FMSTR_PipeFrame
                0x00003bd8      0x254 ./TS Project/FreeMASTER/freemaster_pipes.o
                0x00003bd8                FMSTR_PipeFrame
 .text.FMSTR_InitAppCmds
                0x00003e2c       0x34 ./TS Project/FreeMASTER/freemaster_appcmd.o
                0x00003e2c                FMSTR_InitAppCmds
 .text.FMSTR_StoreAppCmd
                0x00003e60       0x64 ./TS Project/FreeMASTER/freemaster_appcmd.o
                0x00003e60                FMSTR_StoreAppCmd
 .text.FMSTR_GetAppCmdStatus
                0x00003ec4       0x7c ./TS Project/FreeMASTER/freemaster_appcmd.o
                0x00003ec4                FMSTR_GetAppCmdStatus
 .text.FMSTR_GetAppCmdRespData
                0x00003f40       0x4c ./TS Project/FreeMASTER/freemaster_appcmd.o
                0x00003f40                FMSTR_GetAppCmdRespData
 .text.FMSTR_CopyMemory
                0x00003f8c       0xe0 ./TS Project/FreeMASTER/S32xx/freemaster_S32xx.o
                0x00003f8c                FMSTR_CopyMemory
 .text.FMSTR_CopyToBuffer
                0x0000406c       0xec ./TS Project/FreeMASTER/S32xx/freemaster_S32xx.o
                0x0000406c                FMSTR_CopyToBuffer
 .text.FMSTR_CopyFromBuffer
                0x00004158       0xf0 ./TS Project/FreeMASTER/S32xx/freemaster_S32xx.o
                0x00004158                FMSTR_CopyFromBuffer
 .text.FMSTR_ValueFromBuffer16
                0x00004248        0xc ./TS Project/FreeMASTER/S32xx/freemaster_S32xx.o
                0x00004248                FMSTR_ValueFromBuffer16
 .text.FMSTR_ValueFromBuffer32
                0x00004254       0x28 ./TS Project/FreeMASTER/S32xx/freemaster_S32xx.o
                0x00004254                FMSTR_ValueFromBuffer32
 .text.FMSTR_ValueToBuffer16
                0x0000427c       0x10 ./TS Project/FreeMASTER/S32xx/freemaster_S32xx.o
                0x0000427c                FMSTR_ValueToBuffer16
 .text.FMSTR_CopyFromBufferWithMask
                0x0000428c      0x1a0 ./TS Project/FreeMASTER/S32xx/freemaster_S32xx.o
                0x0000428c                FMSTR_CopyFromBufferWithMask
 .text.FMSTR_SetExAddr
                0x0000442c        0xc ./TS Project/FreeMASTER/S32xx/freemaster_S32xx.o
                0x0000442c                FMSTR_SetExAddr
 .text.FMSTR_AddressToBuffer
                0x00004438       0x30 ./TS Project/FreeMASTER/S32xx/freemaster_S32xx.o
                0x00004438                FMSTR_AddressToBuffer
 .text.FMSTR_AddressFromBuffer
                0x00004468       0x40 ./TS Project/FreeMASTER/S32xx/freemaster_S32xx.o
                0x00004468                FMSTR_AddressFromBuffer
 .text.SystemInit
                0x000044a8       0x20 ./Project_Settings/Startup_Code/system_S32K144.o
                0x000044a8                SystemInit
 .text.init_data_bss
                0x000044c8       0x9c ./Project_Settings/Startup_Code/startup.o
                0x000044c8                init_data_bss
 .text.exit     0x00004564       0x38 C:/NXP/S32DS_ARM_v2018.R1/S32DS/arm32_ewl2/lib/thumb/v7e-m\libc99.a(exit.o)
                0x00004564                exit
 .text.memcpy   0x0000459c       0x16 C:/NXP/S32DS_ARM_v2018.R1/S32DS/arm32_ewl2/lib/thumb/v7e-m\libc99.a(memcpy.o)
                0x0000459c                memcpy
 .text.memset   0x000045b2        0xc C:/NXP/S32DS_ARM_v2018.R1/S32DS/arm32_ewl2/lib/thumb/v7e-m\libc99.a(memset.o)
                0x000045b2                memset
 .text.__fill_mem
                0x000045be       0x70 C:/NXP/S32DS_ARM_v2018.R1/S32DS/arm32_ewl2/lib/thumb/v7e-m\libc99.a(__filll_mem.o)
                0x000045be                __fill_mem
 *fill*         0x0000462e        0x2 
 .text.__init_cpp
                0x00004630       0x4c C:/NXP/S32DS_ARM_v2018.R1/S32DS/arm32_ewl2/lib/thumb/v7e-m\librt.a(gcc_ctor_dtor.o)
                0x00004630                __init_cpp
 .text.__fini_cpp
                0x0000467c       0x34 C:/NXP/S32DS_ARM_v2018.R1/S32DS/arm32_ewl2/lib/thumb/v7e-m\librt.a(gcc_ctor_dtor.o)
                0x0000467c                __fini_cpp
 .text._ExitProcess
                0x000046b0        0x2 C:/NXP/S32DS_ARM_v2018.R1/S32DS/arm32_ewl2/lib/thumb/v7e-m\librt.a(gcc_ctor_dtor.o)
                0x000046b0                _ExitProcess
 *fill*         0x000046b2        0x2 
 .text.__destroy_global_chain
                0x000046b4       0x18 C:/NXP/S32DS_ARM_v2018.R1/S32DS/arm32_ewl2/lib/thumb/v7e-m\librt.a(__arm_eabi_init.o)
                0x000046b4                __destroy_global_chain
 .text.__init_registers
                0x000046cc       0x20 C:/NXP/S32DS_ARM_v2018.R1/S32DS/arm32_ewl2/lib/thumb/v7e-m\librt.a(__arm_eabi_init.o)
                0x000046cc                __init_registers
 .text.__init_user
                0x000046ec        0x4 C:/NXP/S32DS_ARM_v2018.R1/S32DS/arm32_ewl2/lib/thumb/v7e-m\librt.a(__arm_eabi_init.o)
                0x000046ec                __init_user
 .text.__init_hardware
                0x000046f0        0x4 C:/NXP/S32DS_ARM_v2018.R1/S32DS/arm32_ewl2/lib/thumb/v7e-m\librt.a(__arm_eabi_init.o)
                0x000046f0                __init_hardware
 .text.__copy_rom_section
                0x000046f4       0x42 C:/NXP/S32DS_ARM_v2018.R1/S32DS/arm32_ewl2/lib/thumb/v7e-m\librt.a(ROMCopy.o)
                0x000046f4                __copy_rom_section
 *fill*         0x00004736        0x2 
 .text.__copy_rom_sections_to_ram
                0x00004738       0x24 C:/NXP/S32DS_ARM_v2018.R1/S32DS/arm32_ewl2/lib/thumb/v7e-m\librt.a(ROMCopy.o)
                0x00004738                __copy_rom_sections_to_ram
 *(.rodata)
 *(.rodata*)
 .rodata.FMSTR_ProtocolDecoder.str1.4
                0x0000475c       0x14 ./TS Project/FreeMASTER/freemaster_protocol.o
                                 0x11 (size before relaxing)
 *(.glue_7)
 .glue_7        0x00004770        0x0 linker stubs
 *(.glue_7t)
 .glue_7t       0x00004770        0x0 linker stubs
 *(.eh_frame)
 *(.init)
 *(.fini)
                0x00004770                . = ALIGN (0x4)

.vfp11_veneer   0x00004770        0x0
 .vfp11_veneer  0x00004770        0x0 linker stubs

.v4_bx          0x00004770        0x0
 .v4_bx         0x00004770        0x0 linker stubs

.iplt           0x00004770        0x0
 .iplt          0x00004770        0x0 C:/NXP/S32DS_ARM_v2018.R1/S32DS/arm32_ewl2/lib/thumb/v7e-m/__arm_start.o

.rel.dyn        0x00004770        0x0
 .rel.iplt      0x00004770        0x0 C:/NXP/S32DS_ARM_v2018.R1/S32DS/arm32_ewl2/lib/thumb/v7e-m/__arm_start.o

.ARM.extab
 *(.ARM.extab* .gnu.linkonce.armextab.*)

.ARM            0x00004770        0x0
                0x00004770                __exidx_start = .
 *(.ARM.exidx*)
                0x00004770                __exidx_end = .

.ctors          0x00004770        0x0
                0x00004770                __CTOR_LIST__ = .
 *crtbegin.o(.ctors)
 *crtbegin?.o(.ctors)
 *(EXCLUDE_FILE(*crtend.o *crtend?.o) .ctors)
 *(SORT(.ctors.*))
 *(.ctors)
                0x00004770                __CTOR_END__ = .

.dtors          0x00004770        0x0
                0x00004770                __DTOR_LIST__ = .
 *crtbegin.o(.dtors)
 *crtbegin?.o(.dtors)
 *(EXCLUDE_FILE(*crtend.o *crtend?.o) .dtors)
 *(SORT(.dtors.*))
 *(.dtors)
                0x00004770                __DTOR_END__ = .

.preinit_array  0x00004770        0x0
                0x00004770                PROVIDE (__preinit_array_start, .)
 *(.preinit_array*)
                0x00004770                PROVIDE (__preinit_array_end, .)

.init_array     0x00004770        0x0
                0x00004770                PROVIDE (__init_array_start, .)
 *(SORT(.init_array.*))
 *(.init_array*)
                0x00004770                PROVIDE (__init_array_end, .)

.fini_array     0x00004770        0x0
                0x00004770                PROVIDE (__fini_array_start, .)
 *(SORT(.fini_array.*))
 *(.fini_array*)
                0x00004770                PROVIDE (__fini_array_end, .)
                0x00004770                __etext = .
                0x00004770                __DATA_ROM = .

.interrupts_ram
                0x1fff8000      0x400
                0x1fff8000                . = ALIGN (0x4)
                0x1fff8000                __VECTOR_RAM__ = .
                0x1fff8000                __RAM_START = .
                0x1fff8000                __interrupts_ram_start__ = .
 *(.m_interrupts_ram)
                0x1fff8400                . = (. + M_VECTOR_RAM_SIZE)
 *fill*         0x1fff8000      0x400 
                0x1fff8400                . = ALIGN (0x4)
                0x1fff8400                __interrupts_ram_end__ = .
                0x1fff8000                __VECTOR_RAM = DEFINED (__flash_vector_table__)?ORIGIN (m_interrupts):__VECTOR_RAM__
                0x00000400                __RAM_VECTOR_TABLE_SIZE = DEFINED (__flash_vector_table__)?0x0:(__interrupts_ram_end__ - __interrupts_ram_start__)

.data           0x1fff8400        0x0 load address 0x00004770
                0x1fff8400                . = ALIGN (0x4)
                0x1fff8400                __DATA_RAM = .
                0x1fff8400                __data_start__ = .
 *(.data)
 *(.data*)
 *(.jcr*)
                0x1fff8400                . = ALIGN (0x4)
                0x1fff8400                __data_end__ = .
                0x00004770                __DATA_END = (__DATA_ROM + (__data_end__ - __data_start__))
                0x00004770                __CODE_ROM = __DATA_END

.igot.plt       0x1fff8400        0x0
 .igot.plt      0x1fff8400        0x0 C:/NXP/S32DS_ARM_v2018.R1/S32DS/arm32_ewl2/lib/thumb/v7e-m/__arm_start.o

.code           0x1fff8400        0x0 load address 0x00004770
                0x1fff8400                . = ALIGN (0x4)
                0x1fff8400                __CODE_RAM = .
                0x1fff8400                __code_start__ = .
                0x1fff8400                __code_ram_start__ = .
 *(.code_ram)
                0x1fff8400                . = ALIGN (0x4)
                0x1fff8400                __code_end__ = .
                0x1fff8400                __code_ram_end__ = .
                0x00004770                __CODE_END = (__CODE_ROM + (__code_end__ - __code_start__))
                0x00004770                __CUSTOM_ROM = __CODE_END

.customSectionBlock
                0x20000000        0x0 load address 0x00004770
                0x20000000                __customSection_start__ = .
 *(.customSection)
                0x20000000                __customSection_end__ = .
                0x00004770                __CUSTOM_END = (__CUSTOM_ROM + (__customSection_end__ - __customSection_start__))

.bss            0x20000000     0x4738
                0x20000000                . = ALIGN (0x4)
                0x20000000                __BSS_START = .
                0x20000000                __bss_start__ = .
 *(.bss)
 *(.bss*)
 .bss.argv      0x20000000        0x4 C:/NXP/S32DS_ARM_v2018.R1/S32DS/arm32_ewl2/lib/thumb/v7e-m/__arm_start.o
 .bss.sliderDiffThreshold
                0x20000004       0x16 ./TS Project/slider.o
                0x20000004                sliderDiffThreshold
 .bss.pcm_nRxCheckSum
                0x2000001a        0x1 ./TS Project/FreeMASTER/freemaster_serial.o
 .bss.pcm_nRxTodo
                0x2000001b        0x1 ./TS Project/FreeMASTER/freemaster_serial.o
 .bss.pcm_nTxTodo
                0x2000001c        0x1 ./TS Project/FreeMASTER/freemaster_serial.o
 *fill*         0x2000001d        0x3 
 .bss.pcm_pCommBuffer
                0x20000020       0x3f ./TS Project/FreeMASTER/freemaster_serial.o
 *fill*         0x2000005f        0x1 
 .bss.pcm_pRxBuff
                0x20000060        0x4 ./TS Project/FreeMASTER/freemaster_serial.o
 .bss.pcm_pTxBuff
                0x20000064        0x4 ./TS Project/FreeMASTER/freemaster_serial.o
 .bss.pcm_wFlags
                0x20000068        0x4 ./TS Project/FreeMASTER/freemaster_serial.o
 .bss.pcm_nScopeVarCount
                0x2000006c        0x1 ./TS Project/FreeMASTER/freemaster_scope.o
 *fill*         0x2000006d        0x3 
 .bss.pcm_pScopeVarAddr
                0x20000070       0x20 ./TS Project/FreeMASTER/freemaster_scope.o
 .bss.pcm_pScopeVarSize
                0x20000090        0x8 ./TS Project/FreeMASTER/freemaster_scope.o
 .bss.pcm_bTrgVarSigned
                0x20000098        0x1 ./TS Project/FreeMASTER/freemaster_rec.o
 *fill*         0x20000099        0x3 
 .bss.pcm_nRecBuffAddr
                0x2000009c        0x4 ./TS Project/FreeMASTER/freemaster_rec.o
 .bss.pcm_nTrgVarAddr
                0x200000a0        0x4 ./TS Project/FreeMASTER/freemaster_rec.o
 .bss.pcm_nTrgVarSize
                0x200000a4        0x1 ./TS Project/FreeMASTER/freemaster_rec.o
 *fill*         0x200000a5        0x3 
 .bss.pcm_pCompareFunc
                0x200000a8        0x4 ./TS Project/FreeMASTER/freemaster_rec.o
 .bss.pcm_pOwnRecBuffer
                0x200000ac     0x4000 ./TS Project/FreeMASTER/freemaster_rec.o
 .bss.pcm_uTrgThreshold
                0x200040ac        0x4 ./TS Project/FreeMASTER/freemaster_rec.o
 .bss.pcm_pipes
                0x200040b0      0x120 ./TS Project/FreeMASTER/freemaster_pipes.o
 .bss.pcm_nAppCmd
                0x200041d0        0x1 ./TS Project/FreeMASTER/freemaster_appcmd.o
 *fill*         0x200041d1        0x1 
 .bss.pcm_nAppCmdLen
                0x200041d2        0x2 ./TS Project/FreeMASTER/freemaster_appcmd.o
 .bss.pcm_nAppCmdResult
                0x200041d4        0x1 ./TS Project/FreeMASTER/freemaster_appcmd.o
 .bss.pcm_nAppCmdResultDataLen
                0x200041d5        0x1 ./TS Project/FreeMASTER/freemaster_appcmd.o
 *fill*         0x200041d6        0x2 
 .bss.pcm_pAppCmdBuff
                0x200041d8       0x20 ./TS Project/FreeMASTER/freemaster_appcmd.o
 .bss.pcm_pAppCmdCallFunc
                0x200041f8       0x10 ./TS Project/FreeMASTER/freemaster_appcmd.o
 .bss.pcm_pAppCmdCallId
                0x20004208        0x4 ./TS Project/FreeMASTER/freemaster_appcmd.o
 .bss.pcm_bNextAddrIsEx
                0x2000420c        0x1 ./TS Project/FreeMASTER/S32xx/freemaster_S32xx.o
 *fill*         0x2000420d        0x3 
 .bss.__console_exit
                0x20004210        0x4 C:/NXP/S32DS_ARM_v2018.R1/S32DS/arm32_ewl2/lib/thumb/v7e-m\libc99.a(exit.o)
                0x20004210                __console_exit
 .bss.__stdio_exit
                0x20004214        0x4 C:/NXP/S32DS_ARM_v2018.R1/S32DS/arm32_ewl2/lib/thumb/v7e-m\libc99.a(exit.o)
                0x20004214                __stdio_exit
 .bss.__global_destructor_chain
                0x20004218        0x4 C:/NXP/S32DS_ARM_v2018.R1/S32DS/arm32_ewl2/lib/thumb/v7e-m\librt.a(__arm_eabi_init.o)
                0x20004218                __global_destructor_chain
 *(COMMON)
 COMMON         0x2000421c      0x174 ./TS Project/slider.o
                0x2000421c                sliderAdcDataElectrodeDischargeBufferCounter
                0x20004220                sliderDetectorThresholdTouch
                0x20004228                sliderLPFilterData
                0x20004230                numberOfHysteresisBlindPoints
                0x20004231                sliderOversamplingActivationReport
                0x20004232                sliderDifferenceDataFiltered
                0x20004234                sliderAbsoluteRawData
                0x20004236                sliderElecNumAct
                0x20004238                sliderDetectorThresholdTouchDelta
                0x2000423c                sliderDifferenceData
                0x2000423e                sliderAdditionDataThreshold
                0x20004240                thresholdNum
                0x20004244                sliderLastDiffThreshold
                0x20004248                sliderDroppedSamples
                0x2000424c                sliderAdcDataElectrodeDischargeRawSampleElec0
                0x2000428e                positionDeciced
                0x20004290                sliderAdcDataElectrodeDischargeRawSampleElec1
                0x200042d2                hitHysteresis
                0x200042d4                sliderVirtualEGSActivateCounter
                0x200042d6                sliderElectrodeTouchQualified
                0x200042d7                firstSliderTouch
                0x200042d8                sliderElecStruct
                0x20004310                sliderAdcDataElectrodeDischargeRawSample
                0x20004354                sliderAdcDataElectrodeDischargeBuffer
                0x2000435c                sliderElectrodesStatus
                0x2000435e                sliderAbsoluteRawDataFiltered
                0x20004360                sliderDCTrackerDataBuffer
                0x20004368                sliderDCTrackerDataShift
                0x2000436a                sliderElectrodeTouchQualifiedReport
                0x2000436b                positionCounter
                0x2000436c                sliderVirtualEGSTouch
                0x2000436e                sliderAdditionData
                0x20004370                sliderAdcDataElectrodeDischargeRawDF
                0x20004378                sliderAdcDataElectrodeDischargeRaw
                0x20004380                sliderDCTrackerDataBufferRaw
                0x20004388                sliderElectrodeTouch
                0x2000438a                numberOfElectrodeSensingCyclesPerSampleSlider
                0x2000438c                sliderAdcDataElectrodeDischargeRawCalc
 COMMON         0x20004390        0x2 ./TS Project/power_mode.o
                0x20004390                lowPowerModeCtrl
                0x20004391                lowPowerModeEnable
 COMMON         0x20004392        0x8 ./TS Project/main.o
                0x20004392                calibrationGainADC0
                0x20004394                sliderElectrodeTouchQualifiedDisplay
                0x20004396                calibrationGainADC1
                0x20004398                electrodeTouchQualifiedDisplay
                0x20004399                clockMode
 *fill*         0x2000439a        0x2 
 COMMON         0x2000439c       0xfc ./TS Project/filter.o
                0x2000439c                FilterIIR1CoeffB0
                0x200043a8                FilterIIR1CoeffB1
                0x200043b4                FilterIIR1CoeffA1
                0x200043c0                FilterIIR1BufferX
                0x2000442c                FilterIIR1BufferY
 COMMON         0x20004498      0x249 ./TS Project/ets.o
                0x20004498                electrodesOversamplingActivationReport
                0x2000449a                numberOfElectrodeSensingCyclesPerSample
                0x2000449c                sampleNum
                0x2000449d                electrodeTouchQualifiedReport
                0x2000449e                chargeDistributionPeriodTmp
                0x200044a0                electrodesVirtualEGSTouch
                0x200044a1                elecNumAct
                0x200044a4                adcDataElectrodeDischargeRawSample
                0x200044c8                detectorThresholdTouchDelta
                0x200044d8                adcDataElectrodeDischargeRawDF
                0x200044f4                adcDataElectrodeDischargeRaw
                0x20004510                elecStruct
                0x200045d4                electrodeTouchQualified
                0x200045dc                electrodesVirtualEGSActivateCounter
                0x200045e0                detectorThresholdTouch
                0x200045fc                frequencyIDsave
                0x20004600                adcDataElectrodeDischargeBufferCounter
                0x20004610                DCTrackerDataBuffer
                0x2000462c                electrodeWakeUpActivateCounter
                0x20004630                detectorThresholdReleaseDelta
                0x20004640                electrodesStatus
                0x20004641                frequencyID
                0x20004644                DCTrackerDataBufferRaw
                0x20004660                frequencyHoppingActivation
                0x20004664                adcDataElectrodeDischargeBuffer
                0x20004680                LPFilterType
                0x2000468c                adcDataElectrodeDischargeRawCalc
                0x20004690                chargeDistributionPeriod
                0x20004692                elecNum
                0x20004694                detectorThresholdRelease
                0x200046b0                electrodeTouch
                0x200046b8                LPFilterData
                0x200046d4                DCTrackerDataShift
                0x200046dc                pElecStruct
                0x200046e0                electrodeTouchNumberPlusOne
 *fill*         0x200046e1        0x3 
 COMMON         0x200046e4        0x8 ./TS Project/Peripherals/timer.o
                0x200046e4                jitterRead
                0x200046e8                backlightCounter
 COMMON         0x200046ec        0x2 ./TS Project/Peripherals/flextimer.o
                0x200046ec                backlightPWMDutyCycle
 *fill*         0x200046ee        0x2 
 COMMON         0x200046f0       0x48 ./TS Project/FreeMASTER/freemaster_rec.o
                0x200046f0                pcm_pRecVarAddr
                0x20004710                pcm_wRecBuffStartIx
                0x20004714                pcm_dwRecEndBuffPtr
                0x20004718                pcm_pRecVarSize
                0x20004720                pcm_wRecTotalSmps
                0x20004722                pcm_nRecVarCount
                0x20004724                pcm_wRecTimeDivCtr
                0x20004726                pcm_wStoprecCountDown
                0x20004728                pcm_nRecTriggerMode
                0x2000472c                pcm_wRecFlags
                0x20004730                pcm_wRecTimeDiv
                0x20004732                pcm_wRecPostTrigger
                0x20004734                pcm_dwRecWritePtr
                0x20004738                . = ALIGN (0x4)
                0x20004738                __bss_end__ = .
                0x20004738                __BSS_END = .

.heap           0x20004738      0x400
                0x20004738                . = ALIGN (0x8)
                0x20004738                __end__ = .
                0x20004738                __heap_start__ = .
                [!provide]                PROVIDE (end, .)
                [!provide]                PROVIDE (_end, .)
                [!provide]                PROVIDE (__end, .)
                0x20004738                __HeapBase = .
                0x20004b38                . = (. + HEAP_SIZE)
 *fill*         0x20004738      0x400 
                0x20004b38                __HeapLimit = .
                0x20004b38                __heap_limit = .
                0x20004b38                __heap_end__ = .
                0x20007000                __StackTop = (ORIGIN (m_data_2) + LENGTH (m_data_2))
                0x20006c00                __StackLimit = (__StackTop - STACK_SIZE)
                [!provide]                PROVIDE (__stack, __StackTop)
                0x20007000                __RAM_END = __StackTop

.stack          0x20006c00      0x400
                0x20006c00                . = ALIGN (0x8)
                0x20006c00                __stack_start__ = .
                0x20007000                . = (. + STACK_SIZE)
 *fill*         0x20006c00      0x400 
                0x20007000                __stack_end__ = .
                0x20000000                __START_BSS = __BSS_START
                0x20004738                __END_BSS = __BSS_END
                0x20007000                __SP_INIT = __StackTop

.ARM.attributes
                0x00000000       0x31
 *(.ARM.attributes)
 .ARM.attributes
                0x00000000       0x33 C:/NXP/S32DS_ARM_v2018.R1/S32DS/arm32_ewl2/lib/thumb/v7e-m/__arm_start.o
 .ARM.attributes
                0x00000033       0x33 ./TS Project/slider.o
 .ARM.attributes
                0x00000066       0x33 ./TS Project/power_mode.o
 .ARM.attributes
                0x00000099       0x33 ./TS Project/main.o
 .ARM.attributes
                0x000000cc       0x33 ./TS Project/filter.o
 .ARM.attributes
                0x000000ff       0x33 ./TS Project/ets.o
 .ARM.attributes
                0x00000132       0x33 ./TS Project/Peripherals/timer.o
 .ARM.attributes
                0x00000165       0x33 ./TS Project/Peripherals/scg.o
 .ARM.attributes
                0x00000198       0x33 ./TS Project/Peripherals/pcc.o
 .ARM.attributes
                0x000001cb       0x33 ./TS Project/Peripherals/lpuart.o
 .ARM.attributes
                0x000001fe       0x33 ./TS Project/Peripherals/gpio.o
 .ARM.attributes
                0x00000231       0x33 ./TS Project/Peripherals/flextimer.o
 .ARM.attributes
                0x00000264       0x33 ./TS Project/Peripherals/adc.o
 .ARM.attributes
                0x00000297       0x33 ./TS Project/FreeMASTER/freemaster_serial.o
 .ARM.attributes
                0x000002ca       0x33 ./TS Project/FreeMASTER/freemaster_scope.o
 .ARM.attributes
                0x000002fd       0x33 ./TS Project/FreeMASTER/freemaster_rec.o
 .ARM.attributes
                0x00000330       0x33 ./TS Project/FreeMASTER/freemaster_protocol.o
 .ARM.attributes
                0x00000363       0x33 ./TS Project/FreeMASTER/freemaster_pipes.o
 .ARM.attributes
                0x00000396       0x33 ./TS Project/FreeMASTER/freemaster_appcmd.o
 .ARM.attributes
                0x000003c9       0x33 ./TS Project/FreeMASTER/S32xx/freemaster_S32xx.o
 .ARM.attributes
                0x000003fc       0x33 ./Project_Settings/Startup_Code/system_S32K144.o
 .ARM.attributes
                0x0000042f       0x1b ./Project_Settings/Startup_Code/startup_S32K144.o
 .ARM.attributes
                0x0000044a       0x33 ./Project_Settings/Startup_Code/startup.o
 .ARM.attributes
                0x0000047d       0x33 C:/NXP/S32DS_ARM_v2018.R1/S32DS/arm32_ewl2/lib/thumb/v7e-m\libc99.a(exit.o)
 .ARM.attributes
                0x000004b0       0x33 C:/NXP/S32DS_ARM_v2018.R1/S32DS/arm32_ewl2/lib/thumb/v7e-m\libc99.a(memcpy.o)
 .ARM.attributes
                0x000004e3       0x33 C:/NXP/S32DS_ARM_v2018.R1/S32DS/arm32_ewl2/lib/thumb/v7e-m\libc99.a(memset.o)
 .ARM.attributes
                0x00000516       0x33 C:/NXP/S32DS_ARM_v2018.R1/S32DS/arm32_ewl2/lib/thumb/v7e-m\libc99.a(__filll_mem.o)
 .ARM.attributes
                0x00000549       0x33 C:/NXP/S32DS_ARM_v2018.R1/S32DS/arm32_ewl2/lib/thumb/v7e-m\librt.a(gcc_ctor_dtor.o)
 .ARM.attributes
                0x0000057c       0x33 C:/NXP/S32DS_ARM_v2018.R1/S32DS/arm32_ewl2/lib/thumb/v7e-m\librt.a(__arm_eabi_init.o)
 .ARM.attributes
                0x000005af       0x33 C:/NXP/S32DS_ARM_v2018.R1/S32DS/arm32_ewl2/lib/thumb/v7e-m\librt.a(ROMCopy.o)
                0x00000001                ASSERT ((__StackLimit >= __HeapLimit), region m_data_2 overflowed with stack and heap)
OUTPUT(S32K144_TS_40.elf elf32-littlearm)

.debug_info     0x00000000     0xbe88
 .debug_info    0x00000000      0x126 C:/NXP/S32DS_ARM_v2018.R1/S32DS/arm32_ewl2/lib/thumb/v7e-m/__arm_start.o
 .debug_info    0x00000126     0x1237 ./TS Project/slider.o
 .debug_info    0x0000135d      0x4ff ./TS Project/power_mode.o
 .debug_info    0x0000185c      0xbe9 ./TS Project/main.o
 .debug_info    0x00002445      0x4c4 ./TS Project/filter.o
 .debug_info    0x00002909     0x1019 ./TS Project/ets.o
 .debug_info    0x00003922      0x63e ./TS Project/Peripherals/timer.o
 .debug_info    0x00003f60      0x2b9 ./TS Project/Peripherals/scg.o
 .debug_info    0x00004219       0xec ./TS Project/Peripherals/pcc.o
 .debug_info    0x00004305      0x168 ./TS Project/Peripherals/lpuart.o
 .debug_info    0x0000446d      0x204 ./TS Project/Peripherals/gpio.o
 .debug_info    0x00004671      0x2f3 ./TS Project/Peripherals/flextimer.o
 .debug_info    0x00004964      0x4b8 ./TS Project/Peripherals/adc.o
 .debug_info    0x00004e1c      0x7ff ./TS Project/FreeMASTER/freemaster_serial.o
 .debug_info    0x0000561b      0x1db ./TS Project/FreeMASTER/freemaster_scope.o
 .debug_info    0x000057f6      0x841 ./TS Project/FreeMASTER/freemaster_rec.o
 .debug_info    0x00006037      0xc59 ./TS Project/FreeMASTER/freemaster_protocol.o
 .debug_info    0x00006c90     0x342e ./TS Project/FreeMASTER/freemaster_pipes.o
 .debug_info    0x0000a0be      0x598 ./TS Project/FreeMASTER/freemaster_appcmd.o
 .debug_info    0x0000a656      0x5d3 ./TS Project/FreeMASTER/S32xx/freemaster_S32xx.o
 .debug_info    0x0000ac29      0x50d ./Project_Settings/Startup_Code/system_S32K144.o
 .debug_info    0x0000b136       0x26 ./Project_Settings/Startup_Code/startup_S32K144.o
 .debug_info    0x0000b15c      0x2cc ./Project_Settings/Startup_Code/startup.o
 .debug_info    0x0000b428      0x126 C:/NXP/S32DS_ARM_v2018.R1/S32DS/arm32_ewl2/lib/thumb/v7e-m\libc99.a(exit.o)
 .debug_info    0x0000b54e      0x11e C:/NXP/S32DS_ARM_v2018.R1/S32DS/arm32_ewl2/lib/thumb/v7e-m\libc99.a(memcpy.o)
 .debug_info    0x0000b66c       0xec C:/NXP/S32DS_ARM_v2018.R1/S32DS/arm32_ewl2/lib/thumb/v7e-m\libc99.a(memset.o)
 .debug_info    0x0000b758      0x135 C:/NXP/S32DS_ARM_v2018.R1/S32DS/arm32_ewl2/lib/thumb/v7e-m\libc99.a(__filll_mem.o)
 .debug_info    0x0000b88d      0x153 C:/NXP/S32DS_ARM_v2018.R1/S32DS/arm32_ewl2/lib/thumb/v7e-m\librt.a(gcc_ctor_dtor.o)
 .debug_info    0x0000b9e0      0x2a2 C:/NXP/S32DS_ARM_v2018.R1/S32DS/arm32_ewl2/lib/thumb/v7e-m\librt.a(__arm_eabi_init.o)
 .debug_info    0x0000bc82      0x206 C:/NXP/S32DS_ARM_v2018.R1/S32DS/arm32_ewl2/lib/thumb/v7e-m\librt.a(ROMCopy.o)

.debug_abbrev   0x00000000     0x29b4
 .debug_abbrev  0x00000000       0xbe C:/NXP/S32DS_ARM_v2018.R1/S32DS/arm32_ewl2/lib/thumb/v7e-m/__arm_start.o
 .debug_abbrev  0x000000be      0x2ff ./TS Project/slider.o
 .debug_abbrev  0x000003bd       0xef ./TS Project/power_mode.o
 .debug_abbrev  0x000004ac      0x200 ./TS Project/main.o
 .debug_abbrev  0x000006ac      0x1a4 ./TS Project/filter.o
 .debug_abbrev  0x00000850      0x2f6 ./TS Project/ets.o
 .debug_abbrev  0x00000b46      0x1bf ./TS Project/Peripherals/timer.o
 .debug_abbrev  0x00000d05       0xde ./TS Project/Peripherals/scg.o
 .debug_abbrev  0x00000de3       0xa3 ./TS Project/Peripherals/pcc.o
 .debug_abbrev  0x00000e86       0x98 ./TS Project/Peripherals/lpuart.o
 .debug_abbrev  0x00000f1e       0xaa ./TS Project/Peripherals/gpio.o
 .debug_abbrev  0x00000fc8       0xec ./TS Project/Peripherals/flextimer.o
 .debug_abbrev  0x000010b4      0x13d ./TS Project/Peripherals/adc.o
 .debug_abbrev  0x000011f1      0x264 ./TS Project/FreeMASTER/freemaster_serial.o
 .debug_abbrev  0x00001455       0xf8 ./TS Project/FreeMASTER/freemaster_scope.o
 .debug_abbrev  0x0000154d      0x2f4 ./TS Project/FreeMASTER/freemaster_rec.o
 .debug_abbrev  0x00001841      0x1c7 ./TS Project/FreeMASTER/freemaster_protocol.o
 .debug_abbrev  0x00001a08      0x394 ./TS Project/FreeMASTER/freemaster_pipes.o
 .debug_abbrev  0x00001d9c      0x221 ./TS Project/FreeMASTER/freemaster_appcmd.o
 .debug_abbrev  0x00001fbd      0x19d ./TS Project/FreeMASTER/S32xx/freemaster_S32xx.o
 .debug_abbrev  0x0000215a      0x152 ./Project_Settings/Startup_Code/system_S32K144.o
 .debug_abbrev  0x000022ac       0x14 ./Project_Settings/Startup_Code/startup_S32K144.o
 .debug_abbrev  0x000022c0       0xfe ./Project_Settings/Startup_Code/startup.o
 .debug_abbrev  0x000023be       0x98 C:/NXP/S32DS_ARM_v2018.R1/S32DS/arm32_ewl2/lib/thumb/v7e-m\libc99.a(exit.o)
 .debug_abbrev  0x00002456       0xa6 C:/NXP/S32DS_ARM_v2018.R1/S32DS/arm32_ewl2/lib/thumb/v7e-m\libc99.a(memcpy.o)
 .debug_abbrev  0x000024fc       0x62 C:/NXP/S32DS_ARM_v2018.R1/S32DS/arm32_ewl2/lib/thumb/v7e-m\libc99.a(memset.o)
 .debug_abbrev  0x0000255e       0x87 C:/NXP/S32DS_ARM_v2018.R1/S32DS/arm32_ewl2/lib/thumb/v7e-m\libc99.a(__filll_mem.o)
 .debug_abbrev  0x000025e5       0xc3 C:/NXP/S32DS_ARM_v2018.R1/S32DS/arm32_ewl2/lib/thumb/v7e-m\librt.a(gcc_ctor_dtor.o)
 .debug_abbrev  0x000026a8      0x1e0 C:/NXP/S32DS_ARM_v2018.R1/S32DS/arm32_ewl2/lib/thumb/v7e-m\librt.a(__arm_eabi_init.o)
 .debug_abbrev  0x00002888      0x12c C:/NXP/S32DS_ARM_v2018.R1/S32DS/arm32_ewl2/lib/thumb/v7e-m\librt.a(ROMCopy.o)

.debug_aranges  0x00000000      0x7e8
 .debug_aranges
                0x00000000       0x28 C:/NXP/S32DS_ARM_v2018.R1/S32DS/arm32_ewl2/lib/thumb/v7e-m/__arm_start.o
 .debug_aranges
                0x00000028       0xa0 ./TS Project/slider.o
 .debug_aranges
                0x000000c8       0x30 ./TS Project/power_mode.o
 .debug_aranges
                0x000000f8       0x40 ./TS Project/main.o
 .debug_aranges
                0x00000138       0x30 ./TS Project/filter.o
 .debug_aranges
                0x00000168       0x90 ./TS Project/ets.o
 .debug_aranges
                0x000001f8       0x40 ./TS Project/Peripherals/timer.o
 .debug_aranges
                0x00000238       0x20 ./TS Project/Peripherals/scg.o
 .debug_aranges
                0x00000258       0x20 ./TS Project/Peripherals/pcc.o
 .debug_aranges
                0x00000278       0x20 ./TS Project/Peripherals/lpuart.o
 .debug_aranges
                0x00000298       0x28 ./TS Project/Peripherals/gpio.o
 .debug_aranges
                0x000002c0       0x28 ./TS Project/Peripherals/flextimer.o
 .debug_aranges
                0x000002e8       0x50 ./TS Project/Peripherals/adc.o
 .debug_aranges
                0x00000338       0x48 ./TS Project/FreeMASTER/freemaster_serial.o
 .debug_aranges
                0x00000380       0x30 ./TS Project/FreeMASTER/freemaster_scope.o
 .debug_aranges
                0x000003b0       0xa0 ./TS Project/FreeMASTER/freemaster_rec.o
 .debug_aranges
                0x00000450       0x70 ./TS Project/FreeMASTER/freemaster_protocol.o
 .debug_aranges
                0x000004c0       0xa8 ./TS Project/FreeMASTER/freemaster_pipes.o
 .debug_aranges
                0x00000568       0x60 ./TS Project/FreeMASTER/freemaster_appcmd.o
 .debug_aranges
                0x000005c8       0x78 ./TS Project/FreeMASTER/S32xx/freemaster_S32xx.o
 .debug_aranges
                0x00000640       0x30 ./Project_Settings/Startup_Code/system_S32K144.o
 .debug_aranges
                0x00000670       0x20 ./Project_Settings/Startup_Code/startup_S32K144.o
 .debug_aranges
                0x00000690       0x20 ./Project_Settings/Startup_Code/startup.o
 .debug_aranges
                0x000006b0       0x28 C:/NXP/S32DS_ARM_v2018.R1/S32DS/arm32_ewl2/lib/thumb/v7e-m\libc99.a(exit.o)
 .debug_aranges
                0x000006d8       0x20 C:/NXP/S32DS_ARM_v2018.R1/S32DS/arm32_ewl2/lib/thumb/v7e-m\libc99.a(memcpy.o)
 .debug_aranges
                0x000006f8       0x20 C:/NXP/S32DS_ARM_v2018.R1/S32DS/arm32_ewl2/lib/thumb/v7e-m\libc99.a(memset.o)
 .debug_aranges
                0x00000718       0x20 C:/NXP/S32DS_ARM_v2018.R1/S32DS/arm32_ewl2/lib/thumb/v7e-m\libc99.a(__filll_mem.o)
 .debug_aranges
                0x00000738       0x30 C:/NXP/S32DS_ARM_v2018.R1/S32DS/arm32_ewl2/lib/thumb/v7e-m\librt.a(gcc_ctor_dtor.o)
 .debug_aranges
                0x00000768       0x50 C:/NXP/S32DS_ARM_v2018.R1/S32DS/arm32_ewl2/lib/thumb/v7e-m\librt.a(__arm_eabi_init.o)
 .debug_aranges
                0x000007b8       0x30 C:/NXP/S32DS_ARM_v2018.R1/S32DS/arm32_ewl2/lib/thumb/v7e-m\librt.a(ROMCopy.o)

.debug_line     0x00000000     0x9093
 .debug_line    0x00000000       0x67 C:/NXP/S32DS_ARM_v2018.R1/S32DS/arm32_ewl2/lib/thumb/v7e-m/__arm_start.o
 .debug_line    0x00000067      0xc96 ./TS Project/slider.o
 .debug_line    0x00000cfd      0x259 ./TS Project/power_mode.o
 .debug_line    0x00000f56      0x83f ./TS Project/main.o
 .debug_line    0x00001795      0x41e ./TS Project/filter.o
 .debug_line    0x00001bb3      0xf7d ./TS Project/ets.o
 .debug_line    0x00002b30      0x63e ./TS Project/Peripherals/timer.o
 .debug_line    0x0000316e      0x2b7 ./TS Project/Peripherals/scg.o
 .debug_line    0x00003425      0x421 ./TS Project/Peripherals/pcc.o
 .debug_line    0x00003846      0x2b2 ./TS Project/Peripherals/lpuart.o
 .debug_line    0x00003af8      0x41d ./TS Project/Peripherals/gpio.o
 .debug_line    0x00003f15      0x598 ./TS Project/Peripherals/flextimer.o
 .debug_line    0x000044ad      0x4c8 ./TS Project/Peripherals/adc.o
 .debug_line    0x00004975      0x8a4 ./TS Project/FreeMASTER/freemaster_serial.o
 .debug_line    0x00005219      0x56d ./TS Project/FreeMASTER/freemaster_scope.o
 .debug_line    0x00005786      0x793 ./TS Project/FreeMASTER/freemaster_rec.o
 .debug_line    0x00005f19      0x729 ./TS Project/FreeMASTER/freemaster_protocol.o
 .debug_line    0x00006642     0x12ce ./TS Project/FreeMASTER/freemaster_pipes.o
 .debug_line    0x00007910      0x670 ./TS Project/FreeMASTER/freemaster_appcmd.o
 .debug_line    0x00007f80      0x68f ./TS Project/FreeMASTER/S32xx/freemaster_S32xx.o
 .debug_line    0x0000860f      0x2dd ./Project_Settings/Startup_Code/system_S32K144.o
 .debug_line    0x000088ec       0x91 ./Project_Settings/Startup_Code/startup_S32K144.o
 .debug_line    0x0000897d      0x292 ./Project_Settings/Startup_Code/startup.o
 .debug_line    0x00008c0f       0xa4 C:/NXP/S32DS_ARM_v2018.R1/S32DS/arm32_ewl2/lib/thumb/v7e-m\libc99.a(exit.o)
 .debug_line    0x00008cb3       0x94 C:/NXP/S32DS_ARM_v2018.R1/S32DS/arm32_ewl2/lib/thumb/v7e-m\libc99.a(memcpy.o)
 .debug_line    0x00008d47       0x8f C:/NXP/S32DS_ARM_v2018.R1/S32DS/arm32_ewl2/lib/thumb/v7e-m\libc99.a(memset.o)
 .debug_line    0x00008dd6       0xaf C:/NXP/S32DS_ARM_v2018.R1/S32DS/arm32_ewl2/lib/thumb/v7e-m\libc99.a(__filll_mem.o)
 .debug_line    0x00008e85       0x7a C:/NXP/S32DS_ARM_v2018.R1/S32DS/arm32_ewl2/lib/thumb/v7e-m\librt.a(gcc_ctor_dtor.o)
 .debug_line    0x00008eff       0xf6 C:/NXP/S32DS_ARM_v2018.R1/S32DS/arm32_ewl2/lib/thumb/v7e-m\librt.a(__arm_eabi_init.o)
 .debug_line    0x00008ff5       0x9e C:/NXP/S32DS_ARM_v2018.R1/S32DS/arm32_ewl2/lib/thumb/v7e-m\librt.a(ROMCopy.o)

.debug_str      0x00000000    0x7360b
 .debug_str     0x00000000      0x1bd C:/NXP/S32DS_ARM_v2018.R1/S32DS/arm32_ewl2/lib/thumb/v7e-m/__arm_start.o
                                0x246 (size before relaxing)
 .debug_str     0x000001bd    0x662ef ./TS Project/slider.o
                              0x664c4 (size before relaxing)
 .debug_str     0x000664ac      0x1fb ./TS Project/power_mode.o
                              0x63dae (size before relaxing)
 .debug_str     0x000666a7     0x1ef6 ./TS Project/main.o
                              0x67845 (size before relaxing)
 .debug_str     0x0006859d      0x1c0 ./TS Project/filter.o
                              0x65a6b (size before relaxing)
 .debug_str     0x0006875d      0x2f4 ./TS Project/ets.o
                              0x6616d (size before relaxing)
 .debug_str     0x00068a51      0x1ad ./TS Project/Peripherals/timer.o
                              0x671bd (size before relaxing)
 .debug_str     0x00068bfe       0x28 ./TS Project/Peripherals/scg.o
                              0x63d44 (size before relaxing)
 .debug_str     0x00068c26       0x2e ./TS Project/Peripherals/pcc.o
                              0x657a5 (size before relaxing)
 .debug_str     0x00068c54       0x59 ./TS Project/Peripherals/lpuart.o
                              0x63ccf (size before relaxing)
 .debug_str     0x00068cad       0x21 ./TS Project/Peripherals/gpio.o
                              0x655de (size before relaxing)
 .debug_str     0x00068cce       0x3f ./TS Project/Peripherals/flextimer.o
                              0x66f17 (size before relaxing)
 .debug_str     0x00068d0d       0x4a ./TS Project/Peripherals/adc.o
                              0x65988 (size before relaxing)
 .debug_str     0x00068d57     0x3586 ./TS Project/FreeMASTER/freemaster_serial.o
                              0x6a019 (size before relaxing)
 .debug_str     0x0006c2dd       0xdd ./TS Project/FreeMASTER/freemaster_scope.o
                              0x69e5b (size before relaxing)
 .debug_str     0x0006c3ba      0x48b ./TS Project/FreeMASTER/freemaster_rec.o
                              0x6a287 (size before relaxing)
 .debug_str     0x0006c845      0x19e ./TS Project/FreeMASTER/freemaster_protocol.o
                              0x6a085 (size before relaxing)
 .debug_str     0x0006c9e3      0x6d7 ./TS Project/FreeMASTER/freemaster_pipes.o
                              0x6a546 (size before relaxing)
 .debug_str     0x0006d0ba      0x22e ./TS Project/FreeMASTER/freemaster_appcmd.o
                              0x6a06e (size before relaxing)
 .debug_str     0x0006d2e8       0xaa ./TS Project/FreeMASTER/S32xx/freemaster_S32xx.o
                              0x695f3 (size before relaxing)
 .debug_str     0x0006d392     0x5a15 ./Project_Settings/Startup_Code/system_S32K144.o
                              0x694d6 (size before relaxing)
 .debug_str     0x00072da7       0x3f ./Project_Settings/Startup_Code/startup_S32K144.o
                                 0xb2 (size before relaxing)
 .debug_str     0x00072de6      0x37e ./Project_Settings/Startup_Code/startup.o
                              0x69666 (size before relaxing)
 .debug_str     0x00073164      0x185 C:/NXP/S32DS_ARM_v2018.R1/S32DS/arm32_ewl2/lib/thumb/v7e-m\libc99.a(exit.o)
                                0x229 (size before relaxing)
 .debug_str     0x000732e9       0x22 C:/NXP/S32DS_ARM_v2018.R1/S32DS/arm32_ewl2/lib/thumb/v7e-m\libc99.a(memcpy.o)
                                0x1ff (size before relaxing)
 .debug_str     0x0007330b       0x15 C:/NXP/S32DS_ARM_v2018.R1/S32DS/arm32_ewl2/lib/thumb/v7e-m\libc99.a(memset.o)
                                0x201 (size before relaxing)
 .debug_str     0x00073320       0x2d C:/NXP/S32DS_ARM_v2018.R1/S32DS/arm32_ewl2/lib/thumb/v7e-m\libc99.a(__filll_mem.o)
                                0x213 (size before relaxing)
 .debug_str     0x0007334d      0x126 C:/NXP/S32DS_ARM_v2018.R1/S32DS/arm32_ewl2/lib/thumb/v7e-m\librt.a(gcc_ctor_dtor.o)
                                0x277 (size before relaxing)
 .debug_str     0x00073473      0x103 C:/NXP/S32DS_ARM_v2018.R1/S32DS/arm32_ewl2/lib/thumb/v7e-m\librt.a(__arm_eabi_init.o)
                                0x28b (size before relaxing)
 .debug_str     0x00073576       0x95 C:/NXP/S32DS_ARM_v2018.R1/S32DS/arm32_ewl2/lib/thumb/v7e-m\librt.a(ROMCopy.o)
                                0x209 (size before relaxing)

.comment        0x00000000      0x141
 .comment       0x00000000       0xa1 C:/NXP/S32DS_ARM_v2018.R1/S32DS/arm32_ewl2/lib/thumb/v7e-m/__arm_start.o
                                 0xa2 (size before relaxing)
 .comment       0x000000a1       0xa0 ./TS Project/slider.o
                                 0xa1 (size before relaxing)
 .comment       0x00000141       0xa1 ./TS Project/power_mode.o
 .comment       0x00000141       0xa1 ./TS Project/main.o
 .comment       0x00000141       0xa1 ./TS Project/filter.o
 .comment       0x00000141       0xa1 ./TS Project/ets.o
 .comment       0x00000141       0xa1 ./TS Project/Peripherals/timer.o
 .comment       0x00000141       0xa1 ./TS Project/Peripherals/scg.o
 .comment       0x00000141       0xa1 ./TS Project/Peripherals/pcc.o
 .comment       0x00000141       0xa1 ./TS Project/Peripherals/lpuart.o
 .comment       0x00000141       0xa1 ./TS Project/Peripherals/gpio.o
 .comment       0x00000141       0xa1 ./TS Project/Peripherals/flextimer.o
 .comment       0x00000141       0xa1 ./TS Project/Peripherals/adc.o
 .comment       0x00000141       0xa1 ./TS Project/FreeMASTER/freemaster_serial.o
 .comment       0x00000141       0xa1 ./TS Project/FreeMASTER/freemaster_scope.o
 .comment       0x00000141       0xa1 ./TS Project/FreeMASTER/freemaster_rec.o
 .comment       0x00000141       0xa1 ./TS Project/FreeMASTER/freemaster_protocol.o
 .comment       0x00000141       0xa1 ./TS Project/FreeMASTER/freemaster_pipes.o
 .comment       0x00000141       0xa1 ./TS Project/FreeMASTER/freemaster_appcmd.o
 .comment       0x00000141       0xa1 ./TS Project/FreeMASTER/S32xx/freemaster_S32xx.o
 .comment       0x00000141       0xa1 ./Project_Settings/Startup_Code/system_S32K144.o
 .comment       0x00000141       0xa1 ./Project_Settings/Startup_Code/startup.o
 .comment       0x00000141       0xa2 C:/NXP/S32DS_ARM_v2018.R1/S32DS/arm32_ewl2/lib/thumb/v7e-m\libc99.a(exit.o)
 .comment       0x00000141       0xa2 C:/NXP/S32DS_ARM_v2018.R1/S32DS/arm32_ewl2/lib/thumb/v7e-m\libc99.a(memcpy.o)
 .comment       0x00000141       0xa2 C:/NXP/S32DS_ARM_v2018.R1/S32DS/arm32_ewl2/lib/thumb/v7e-m\libc99.a(memset.o)
 .comment       0x00000141       0xa2 C:/NXP/S32DS_ARM_v2018.R1/S32DS/arm32_ewl2/lib/thumb/v7e-m\libc99.a(__filll_mem.o)
 .comment       0x00000141       0xa2 C:/NXP/S32DS_ARM_v2018.R1/S32DS/arm32_ewl2/lib/thumb/v7e-m\librt.a(gcc_ctor_dtor.o)
 .comment       0x00000141       0xa2 C:/NXP/S32DS_ARM_v2018.R1/S32DS/arm32_ewl2/lib/thumb/v7e-m\librt.a(__arm_eabi_init.o)
 .comment       0x00000141       0xa2 C:/NXP/S32DS_ARM_v2018.R1/S32DS/arm32_ewl2/lib/thumb/v7e-m\librt.a(ROMCopy.o)

.debug_frame    0x00000000     0x1490
 .debug_frame   0x00000000       0x30 C:/NXP/S32DS_ARM_v2018.R1/S32DS/arm32_ewl2/lib/thumb/v7e-m/__arm_start.o
 .debug_frame   0x00000030      0x2a4 ./TS Project/slider.o
 .debug_frame   0x000002d4       0x40 ./TS Project/power_mode.o
 .debug_frame   0x00000314       0x84 ./TS Project/main.o
 .debug_frame   0x00000398       0x74 ./TS Project/filter.o
 .debug_frame   0x0000040c      0x254 ./TS Project/ets.o
 .debug_frame   0x00000660       0xa0 ./TS Project/Peripherals/timer.o
 .debug_frame   0x00000700       0x20 ./TS Project/Peripherals/scg.o
 .debug_frame   0x00000720       0x20 ./TS Project/Peripherals/pcc.o
 .debug_frame   0x00000740       0x20 ./TS Project/Peripherals/lpuart.o
 .debug_frame   0x00000760       0x3c ./TS Project/Peripherals/gpio.o
 .debug_frame   0x0000079c       0x3c ./TS Project/Peripherals/flextimer.o
 .debug_frame   0x000007d8       0x8c ./TS Project/Peripherals/adc.o
 .debug_frame   0x00000864      0x114 ./TS Project/FreeMASTER/freemaster_serial.o
 .debug_frame   0x00000978       0x64 ./TS Project/FreeMASTER/freemaster_scope.o
 .debug_frame   0x000009dc      0x178 ./TS Project/FreeMASTER/freemaster_rec.o
 .debug_frame   0x00000b54      0x16c ./TS Project/FreeMASTER/freemaster_protocol.o
 .debug_frame   0x00000cc0      0x310 ./TS Project/FreeMASTER/freemaster_pipes.o
 .debug_frame   0x00000fd0       0xec ./TS Project/FreeMASTER/freemaster_appcmd.o
 .debug_frame   0x000010bc      0x16c ./TS Project/FreeMASTER/S32xx/freemaster_S32xx.o
 .debug_frame   0x00001228       0x40 ./Project_Settings/Startup_Code/system_S32K144.o
 .debug_frame   0x00001268       0x28 ./Project_Settings/Startup_Code/startup.o
 .debug_frame   0x00001290       0x3c C:/NXP/S32DS_ARM_v2018.R1/S32DS/arm32_ewl2/lib/thumb/v7e-m\libc99.a(exit.o)
 .debug_frame   0x000012cc       0x28 C:/NXP/S32DS_ARM_v2018.R1/S32DS/arm32_ewl2/lib/thumb/v7e-m\libc99.a(memcpy.o)
 .debug_frame   0x000012f4       0x28 C:/NXP/S32DS_ARM_v2018.R1/S32DS/arm32_ewl2/lib/thumb/v7e-m\libc99.a(memset.o)
 .debug_frame   0x0000131c       0x28 C:/NXP/S32DS_ARM_v2018.R1/S32DS/arm32_ewl2/lib/thumb/v7e-m\libc99.a(__filll_mem.o)
 .debug_frame   0x00001344       0x58 C:/NXP/S32DS_ARM_v2018.R1/S32DS/arm32_ewl2/lib/thumb/v7e-m\librt.a(gcc_ctor_dtor.o)
 .debug_frame   0x0000139c       0xac C:/NXP/S32DS_ARM_v2018.R1/S32DS/arm32_ewl2/lib/thumb/v7e-m\librt.a(__arm_eabi_init.o)
 .debug_frame   0x00001448       0x48 C:/NXP/S32DS_ARM_v2018.R1/S32DS/arm32_ewl2/lib/thumb/v7e-m\librt.a(ROMCopy.o)

.debug_loc      0x00000000     0x9ff0
 .debug_loc     0x00000000      0x37b ./TS Project/slider.o
 .debug_loc     0x0000037b      0x226 ./TS Project/filter.o
 .debug_loc     0x000005a1      0x95a ./TS Project/ets.o
 .debug_loc     0x00000efb       0x21 ./TS Project/Peripherals/pcc.o
 .debug_loc     0x00000f1c       0x34 ./TS Project/Peripherals/flextimer.o
 .debug_loc     0x00000f50       0x84 ./TS Project/Peripherals/adc.o
 .debug_loc     0x00000fd4      0x5ff ./TS Project/FreeMASTER/freemaster_serial.o
 .debug_loc     0x000015d3      0x1ac ./TS Project/FreeMASTER/freemaster_scope.o
 .debug_loc     0x0000177f      0x48d ./TS Project/FreeMASTER/freemaster_rec.o
 .debug_loc     0x00001c0c      0x954 ./TS Project/FreeMASTER/freemaster_protocol.o
 .debug_loc     0x00002560     0x6206 ./TS Project/FreeMASTER/freemaster_pipes.o
 .debug_loc     0x00008766      0x704 ./TS Project/FreeMASTER/freemaster_appcmd.o
 .debug_loc     0x00008e6a      0xbed ./TS Project/FreeMASTER/S32xx/freemaster_S32xx.o
 .debug_loc     0x00009a57       0xeb ./Project_Settings/Startup_Code/system_S32K144.o
 .debug_loc     0x00009b42       0x14 ./Project_Settings/Startup_Code/startup.o
 .debug_loc     0x00009b56       0x5d C:/NXP/S32DS_ARM_v2018.R1/S32DS/arm32_ewl2/lib/thumb/v7e-m\libc99.a(exit.o)
 .debug_loc     0x00009bb3       0x6c C:/NXP/S32DS_ARM_v2018.R1/S32DS/arm32_ewl2/lib/thumb/v7e-m\libc99.a(memcpy.o)
 .debug_loc     0x00009c1f       0x64 C:/NXP/S32DS_ARM_v2018.R1/S32DS/arm32_ewl2/lib/thumb/v7e-m\libc99.a(memset.o)
 .debug_loc     0x00009c83       0xea C:/NXP/S32DS_ARM_v2018.R1/S32DS/arm32_ewl2/lib/thumb/v7e-m\libc99.a(__filll_mem.o)
 .debug_loc     0x00009d6d       0xbe C:/NXP/S32DS_ARM_v2018.R1/S32DS/arm32_ewl2/lib/thumb/v7e-m\librt.a(gcc_ctor_dtor.o)
 .debug_loc     0x00009e2b      0x125 C:/NXP/S32DS_ARM_v2018.R1/S32DS/arm32_ewl2/lib/thumb/v7e-m\librt.a(__arm_eabi_init.o)
 .debug_loc     0x00009f50       0xa0 C:/NXP/S32DS_ARM_v2018.R1/S32DS/arm32_ewl2/lib/thumb/v7e-m\librt.a(ROMCopy.o)

.debug_ranges   0x00000000     0x26b0
 .debug_ranges  0x00000000      0x350 ./TS Project/slider.o
 .debug_ranges  0x00000350       0x20 ./TS Project/power_mode.o
 .debug_ranges  0x00000370      0x4c8 ./TS Project/main.o
 .debug_ranges  0x00000838      0x100 ./TS Project/filter.o
 .debug_ranges  0x00000938      0x508 ./TS Project/ets.o
 .debug_ranges  0x00000e40       0x30 ./TS Project/Peripherals/timer.o
 .debug_ranges  0x00000e70       0x10 ./TS Project/Peripherals/scg.o
 .debug_ranges  0x00000e80       0x10 ./TS Project/Peripherals/pcc.o
 .debug_ranges  0x00000e90       0x10 ./TS Project/Peripherals/lpuart.o
 .debug_ranges  0x00000ea0       0x18 ./TS Project/Peripherals/gpio.o
 .debug_ranges  0x00000eb8       0x18 ./TS Project/Peripherals/flextimer.o
 .debug_ranges  0x00000ed0       0x40 ./TS Project/Peripherals/adc.o
 .debug_ranges  0x00000f10      0x3a0 ./TS Project/FreeMASTER/freemaster_serial.o
 .debug_ranges  0x000012b0       0x20 ./TS Project/FreeMASTER/freemaster_scope.o
 .debug_ranges  0x000012d0       0xc0 ./TS Project/FreeMASTER/freemaster_rec.o
 .debug_ranges  0x00001390       0xc0 ./TS Project/FreeMASTER/freemaster_protocol.o
 .debug_ranges  0x00001450     0x10e8 ./TS Project/FreeMASTER/freemaster_pipes.o
 .debug_ranges  0x00002538       0xe0 ./TS Project/FreeMASTER/freemaster_appcmd.o
 .debug_ranges  0x00002618       0x68 ./TS Project/FreeMASTER/S32xx/freemaster_S32xx.o
 .debug_ranges  0x00002680       0x20 ./Project_Settings/Startup_Code/system_S32K144.o
 .debug_ranges  0x000026a0       0x10 ./Project_Settings/Startup_Code/startup.o

.debug_macro    0x00000000    0x21b19
 .debug_macro   0x00000000      0x16a ./TS Project/slider.o
 .debug_macro   0x0000016a      0x8d4 ./TS Project/slider.o
 .debug_macro   0x00000a3e       0x52 ./TS Project/slider.o
 .debug_macro   0x00000a90       0xa0 ./TS Project/slider.o
 .debug_macro   0x00000b30       0x16 ./TS Project/slider.o
 .debug_macro   0x00000b46       0x19 ./TS Project/slider.o
 .debug_macro   0x00000b5f       0x64 ./TS Project/slider.o
 .debug_macro   0x00000bc3      0x185 ./TS Project/slider.o
 .debug_macro   0x00000d48      0x140 ./TS Project/slider.o
 .debug_macro   0x00000e88       0x9d ./TS Project/slider.o
 .debug_macro   0x00000f25       0x10 ./TS Project/slider.o
 .debug_macro   0x00000f35      0x15b ./TS Project/slider.o
 .debug_macro   0x00001090       0x28 ./TS Project/slider.o
 .debug_macro   0x000010b8       0x58 ./TS Project/slider.o
 .debug_macro   0x00001110     0xed1d ./TS Project/slider.o
 .debug_macro   0x0000fe2d       0x46 ./TS Project/slider.o
 .debug_macro   0x0000fe73       0x82 ./TS Project/slider.o
 .debug_macro   0x0000fef5       0x10 ./TS Project/slider.o
 .debug_macro   0x0000ff05      0x203 ./TS Project/slider.o
 .debug_macro   0x00010108      0x25a ./TS Project/slider.o
 .debug_macro   0x00010362       0x10 ./TS Project/slider.o
 .debug_macro   0x00010372       0x22 ./TS Project/slider.o
 .debug_macro   0x00010394       0x22 ./TS Project/slider.o
 .debug_macro   0x000103b6       0x16 ./TS Project/slider.o
 .debug_macro   0x000103cc       0x16 ./TS Project/slider.o
 .debug_macro   0x000103e2       0xb8 ./TS Project/power_mode.o
 .debug_macro   0x0001049a       0x3a ./TS Project/power_mode.o
 .debug_macro   0x000104d4      0x1c1 ./TS Project/main.o
 .debug_macro   0x00010695       0x34 ./TS Project/main.o
 .debug_macro   0x000106c9       0x10 ./TS Project/main.o
 .debug_macro   0x000106d9       0x10 ./TS Project/main.o
 .debug_macro   0x000106e9       0x10 ./TS Project/main.o
 .debug_macro   0x000106f9      0x10a ./TS Project/main.o
 .debug_macro   0x00010803      0x116 ./TS Project/main.o
 .debug_macro   0x00010919      0x189 ./TS Project/main.o
 .debug_macro   0x00010aa2       0x34 ./TS Project/main.o
 .debug_macro   0x00010ad6      0x120 ./TS Project/filter.o
 .debug_macro   0x00010bf6       0x3a ./TS Project/filter.o
 .debug_macro   0x00010c30      0x16a ./TS Project/ets.o
 .debug_macro   0x00010d9a      0x17c ./TS Project/Peripherals/timer.o
 .debug_macro   0x00010f16       0xc1 ./TS Project/Peripherals/scg.o
 .debug_macro   0x00010fd7      0x12a ./TS Project/Peripherals/pcc.o
 .debug_macro   0x00011101       0xca ./TS Project/Peripherals/lpuart.o
 .debug_macro   0x000111cb      0x11c ./TS Project/Peripherals/gpio.o
 .debug_macro   0x000112e7      0x15a ./TS Project/Peripherals/flextimer.o
 .debug_macro   0x00011441      0x12a ./TS Project/Peripherals/adc.o
 .debug_macro   0x0001156b      0x169 ./TS Project/FreeMASTER/freemaster_serial.o
 .debug_macro   0x000116d4      0x157 ./TS Project/FreeMASTER/freemaster_scope.o
 .debug_macro   0x0001182b      0x167 ./TS Project/FreeMASTER/freemaster_rec.o
 .debug_macro   0x00011992       0x10 ./TS Project/FreeMASTER/freemaster_rec.o
 .debug_macro   0x000119a2      0x157 ./TS Project/FreeMASTER/freemaster_protocol.o
 .debug_macro   0x00011af9      0x1b5 ./TS Project/FreeMASTER/freemaster_pipes.o
 .debug_macro   0x00011cae       0x16 ./TS Project/FreeMASTER/freemaster_pipes.o
 .debug_macro   0x00011cc4       0x22 ./TS Project/FreeMASTER/freemaster_pipes.o
 .debug_macro   0x00011ce6      0x157 ./TS Project/FreeMASTER/freemaster_appcmd.o
 .debug_macro   0x00011e3d      0x152 ./TS Project/FreeMASTER/S32xx/freemaster_S32xx.o
 .debug_macro   0x00011f8f       0xe9 ./Project_Settings/Startup_Code/system_S32K144.o
 .debug_macro   0x00012078       0x10 ./Project_Settings/Startup_Code/system_S32K144.o
 .debug_macro   0x00012088       0x6d ./Project_Settings/Startup_Code/system_S32K144.o
 .debug_macro   0x000120f5      0xb7f ./Project_Settings/Startup_Code/system_S32K144.o
 .debug_macro   0x00012c74       0x22 ./Project_Settings/Startup_Code/system_S32K144.o
 .debug_macro   0x00012c96       0x28 ./Project_Settings/Startup_Code/system_S32K144.o
 .debug_macro   0x00012cbe       0xe9 ./Project_Settings/Startup_Code/startup.o
 .debug_macro   0x00012da7     0xed32 ./Project_Settings/Startup_Code/startup.o
 .debug_macro   0x00021ad9       0x40 ./Project_Settings/Startup_Code/startup.o
